=== Complete UTF-8 Conversion ===
Started: Fri Feb  6 06:11:15 EST 2026

[OK] /usr/local/games/oldtx/xd/frontjsp/xd/includes/pike.inc
[OK] /usr/local/games/oldtx/xd/frontjsp/xd/includes/base64.inc
[OK] /usr/local/games/oldtx/xd/frontjsp/xd/includes/common.inc
[OK] /usr/local/games/oldtx/xd/includes/pike.inc
[OK] /usr/local/games/oldtx/xd/includes/base64.inc
[OK] /usr/local/games/oldtx/xd/lowlib/lowlib.h
[OK] /usr/local/games/oldtx/xd/lowlib/system/master.pike
[OK] /usr/local/games/oldtx/xd/lowlib/system/include/command.h
[OK] /usr/local/games/oldtx/xd/lowlib/system/cmds/kill_filter.pike
[OK] /usr/local/games/oldtx/xd/lowlib/system/cmds/login_fee.pike
[OK] /usr/local/games/oldtx/xd/lowlib/system/cmds/login_check_p.pike
[OK] /usr/local/games/oldtx/xd/lowlib/system/cmds/update.pike
[OK] /usr/local/games/oldtx/xd/lowlib/system/cmds/login_regnew_p.pike
[OK] /usr/local/games/oldtx/xd/lowlib/system/cmds/who.pike
[OK] /usr/local/games/oldtx/xd/lowlib/system/cmds/what.pike
[OK] /usr/local/games/oldtx/xd/lowlib/system/cmds/login_entrycheck_p.pike
[OK] /usr/local/games/oldtx/xd/lowlib/system/cmds/shutdown.pike
[OK] /usr/local/games/oldtx/xd/lowlib/system/cmds/flush_filter.pike
[OK] /usr/local/games/oldtx/xd/lowlib/system/cmds/save.pike
[OK] /usr/local/games/oldtx/xd/lowlib/system/cmds/set_filter.pike
[OK] /usr/local/games/oldtx/xd/lowlib/system/cmds/login_fee_xd.pike
[OK] /usr/local/games/oldtx/xd/lowlib/system/single/void.pike
[OK] /usr/local/games/oldtx/xd/lowlib/system/single/globald.pike
[OK] /usr/local/games/oldtx/xd/lowlib/system/inherit/daemon.pike
[OK] /usr/local/games/oldtx/xd/lowlib/system/inherit/filter.pike
[OK] /usr/local/games/oldtx/xd/lowlib/system/inherit/feature/dbase.pike
[OK] /usr/local/games/oldtx/xd/lowlib/system/inherit/feature/access.pike
[OK] /usr/local/games/oldtx/xd/lowlib/system/inherit/feature/cmds.pike
[OK] /usr/local/games/oldtx/xd/lowlib/system/inherit/feature/hidden.pike
[OK] /usr/local/games/oldtx/xd/lowlib/system/clone/login.pike
[OK] /usr/local/games/oldtx/xd/lowlib/system/clone/user.pike
[OK] /usr/local/games/oldtx/xd/lowlib/mudlib/single/skillsd.pike
[OK] /usr/local/games/oldtx/xd/lowlib/mudlib/single/timesd.pike
[OK] /usr/local/games/oldtx/xd/lowlib/mudlib/inherit/feature/init.pike
[OK] /usr/local/games/oldtx/xd/lowlib/mudlib/inherit/feature/heartbeat.pike
[OK] /usr/local/games/oldtx/xd/lowlib/mudlib/clone/view.pike
[OK] /usr/local/games/oldtx/xd/lowlib/wapmud2/cmds/npc_kill.pike
[OK] /usr/local/games/oldtx/xd/lowlib/wapmud2/cmds/list.pike
[OK] /usr/local/games/oldtx/xd/lowlib/wapmud2/cmds/unwield.pike
[OK] /usr/local/games/oldtx/xd/lowlib/wapmud2/cmds/init.pike
[OK] /usr/local/games/oldtx/xd/lowlib/wapmud2/cmds/inventory.pike
[OK] /usr/local/games/oldtx/xd/lowlib/wapmud2/cmds/ask_npc.pike
[OK] /usr/local/games/oldtx/xd/lowlib/wapmud2/cmds/inventory_daoju_sell.pike
[OK] /usr/local/games/oldtx/xd/lowlib/wapmud2/cmds/flushview.pike
[OK] /usr/local/games/oldtx/xd/lowlib/wapmud2/cmds/chars.pike
[OK] /usr/local/games/oldtx/xd/lowlib/wapmud2/cmds/drop_some.pike
[OK] /usr/local/games/oldtx/xd/lowlib/wapmud2/cmds/unwear.pike
[OK] /usr/local/games/oldtx/xd/lowlib/wapmud2/cmds/inventory_sell.pike
[OK] /usr/local/games/oldtx/xd/lowlib/wapmud2/cmds/item.pike
[OK] /usr/local/games/oldtx/xd/lowlib/wapmud2/cmds/arrive.pike
[OK] /usr/local/games/oldtx/xd/lowlib/wapmud2/cmds/popview.pike
[OK] /usr/local/games/oldtx/xd/lowlib/wapmud2/cmds/escape.pike
[OK] /usr/local/games/oldtx/xd/lowlib/wapmud2/cmds/sleep_for_learn.pike
[OK] /usr/local/games/oldtx/xd/lowlib/wapmud2/cmds/char.pike
[OK] /usr/local/games/oldtx/xd/lowlib/wapmud2/cmds/items.pike
[OK] /usr/local/games/oldtx/xd/lowlib/wapmud2/cmds/inventory_daoju.pike
[OK] /usr/local/games/oldtx/xd/lowlib/wapmud2/inherit/infancy.pike
[OK] /usr/local/games/oldtx/xd/lowlib/wapmud2/inherit/combine_item.pike
[OK] /usr/local/games/oldtx/xd/lowlib/wapmud2/inherit/yushi.pike
[OK] /usr/local/games/oldtx/xd/lowlib/wapmud2/inherit/feature/value.pike
[OK] /usr/local/games/oldtx/xd/lowlib/wapmud2/inherit/feature/links.pike
[OK] /usr/local/games/oldtx/xd/.include/wapmud2.h
[OK] /usr/local/games/oldtx/xd/.include/mudlib.h
[OK] /usr/local/games/oldtx/xd/.include/gamelib.h
[OK] /usr/local/games/oldtx/xd/.include/sys_config.h
[OK] /usr/local/games/oldtx/xd/gamelib/include/time.h
[OK] /usr/local/games/oldtx/xd/gamelib/cmds/ui_select_room.pike
[OK] /usr/local/games/oldtx/xd/gamelib/cmds/mailbox_read.pike
[OK] /usr/local/games/oldtx/xd/gamelib/cmds/inventory_daoju_vendue.pike
[OK] /usr/local/games/oldtx/xd/gamelib/cmds/conn_menu.pike
[OK] /usr/local/games/oldtx/xd/gamelib/cmds/_break_then_auto_learn_end_confirm.pike
[OK] /usr/local/games/oldtx/xd/gamelib/cmds/check_yun_msg.pike
[OK] /usr/local/games/oldtx/xd/gamelib/cmds/home_life_add_submit.pike
[OK] /usr/local/games/oldtx/xd/gamelib/cmds/home_life_cancel_confirm.pike
[OK] /usr/local/games/oldtx/xd/gamelib/cmds/viceskill_test.pike
[OK] /usr/local/games/oldtx/xd/gamelib/cmds/qqlist.pike
[OK] /usr/local/games/oldtx/xd/gamelib/cmds/qqlist_group.pike
[OK] /usr/local/games/oldtx/xd/gamelib/cmds/home_life_add_confirm.pike
[OK] /usr/local/games/oldtx/xd/gamelib/cmds/coustom.pike
[OK] /usr/local/games/oldtx/xd/gamelib/cmds/home_life_add.pike
[OK] /usr/local/games/oldtx/xd/gamelib/cmds/mytasks.pike
[OK] /usr/local/games/oldtx/xd/gamelib/cmds/inventory_package.pike
[OK] /usr/local/games/oldtx/xd/gamelib/cmds/set_mkey.pike
[OK] /usr/local/games/oldtx/xd/gamelib/cmds/home_life_replace_confirm.pike
[OK] /usr/local/games/oldtx/xd/gamelib/cmds/spy_mylist.pike
[OK] /usr/local/games/oldtx/xd/gamelib/cmds/home_life_detail.pike
[OK] /usr/local/games/oldtx/xd/gamelib/cmds/set_mid.pike
[OK] /usr/local/games/oldtx/xd/gamelib/cmds/inventory_daoju_package.pike
[OK] /usr/local/games/oldtx/xd/gamelib/cmds/viceskill_test2.pike
[OK] /usr/local/games/oldtx/xd/gamelib/cmds/qqlist_group_insert.pike
[OK] /usr/local/games/oldtx/xd/gamelib/cmds/home_life_get.pike
[OK] /usr/local/games/oldtx/xd/gamelib/cmds/qqlist_user.pike
[OK] /usr/local/games/oldtx/xd/gamelib/cmds/spec_xianxing.pike
[OK] /usr/local/games/oldtx/xd/gamelib/cmds/qqlist_admin_groups.pike
[OK] /usr/local/games/oldtx/xd/gamelib/cmds/userlist.pike
[OK] /usr/local/games/oldtx/xd/gamelib/cmds/home_return_to_flat.pike
[OK] /usr/local/games/oldtx/xd/gamelib/cmds/delete_all_mail.pike
[OK] /usr/local/games/oldtx/xd/frontjsp/xd/main_dark.jsp
[OK] /usr/local/games/oldtx/xd/frontjsp/xd/main_ft.jsp
[OK] /usr/local/games/oldtx/xd/frontjsp/xd/main.jsp
[OK] /usr/local/games/oldtx/xd/frontjsp/xd/main_ft_dark.jsp
[OK] /usr/local/games/oldtx/xd/gamelib/data/honer/.svn/README.txt
[OK] /usr/local/games/oldtx/xd/gamelib/data/.svn/README.txt
[OK] /usr/local/games/oldtx/xd/gamelib/data/chat/.svn/README.txt
[OK] /usr/local/games/oldtx/xd/gamelib/data/package_expand.csv
[OK] /usr/local/games/oldtx/xd/gamelib/data/bossdrop.csv
[OK] /usr/local/games/oldtx/xd/gamelib/data/can_buy_book_list.csv
[OK] /usr/local/games/oldtx/xd/gamelib/data/ywboss_room.csv
[OK] /usr/local/games/oldtx/xd/gamelib/data/fb.csv
[OK] /usr/local/games/oldtx/xd/gamelib/data/items_exchanged.csv
[OK] /usr/local/games/oldtx/xd/gamelib/data/task/task_item_list.csv
[OK] /usr/local/games/oldtx/xd/gamelib/data/task/.svn/README.txt
[OK] /usr/local/games/oldtx/xd/gamelib/data/task/task_list.csv
[OK] /usr/local/games/oldtx/xd/gamelib/data/task/Backup/.svn/README.txt
[OK] /usr/local/games/oldtx/xd/gamelib/data/vicedrop.csv
[OK] /usr/local/games/oldtx/xd/gamelib/data/uniq_user/xd.20240111.txt
[OK] /usr/local/games/oldtx/xd/gamelib/data/uniq_user/xd.20240105.txt
[OK] /usr/local/games/oldtx/xd/gamelib/data/uniq_user/xd.20240313.txt
[OK] /usr/local/games/oldtx/xd/gamelib/data/uniq_user/xd.20240307.txt
[OK] /usr/local/games/oldtx/xd/gamelib/data/uniq_user/xd.20240306.txt
[OK] /usr/local/games/oldtx/xd/gamelib/data/uniq_user/xd.20240312.txt
[OK] /usr/local/games/oldtx/xd/gamelib/data/uniq_user/xd.20240104.txt
[OK] /usr/local/games/oldtx/xd/gamelib/data/uniq_user/xd.20240110.txt
[OK] /usr/local/games/oldtx/xd/gamelib/data/uniq_user/xd.20240106.txt
[OK] /usr/local/games/oldtx/xd/gamelib/data/uniq_user/xd.20240112.txt
[OK] /usr/local/games/oldtx/xd/gamelib/data/uniq_user/xd.20240304.txt
[OK] /usr/local/games/oldtx/xd/gamelib/data/uniq_user/xd.20240310.txt
[OK] /usr/local/games/oldtx/xd/gamelib/data/uniq_user/xd.20240311.txt
[OK] /usr/local/games/oldtx/xd/gamelib/data/uniq_user/xd.20240305.txt
[OK] /usr/local/games/oldtx/xd/gamelib/data/uniq_user/xd.20240113.txt
[OK] /usr/local/games/oldtx/xd/gamelib/data/uniq_user/xd.20240107.txt
[OK] /usr/local/games/oldtx/xd/gamelib/data/uniq_user/xd.20240103.txt
[OK] /usr/local/games/oldtx/xd/gamelib/data/uniq_user/xd.20240117.txt
[OK] /usr/local/games/oldtx/xd/gamelib/data/uniq_user/xd.20240301.txt
[OK] /usr/local/games/oldtx/xd/gamelib/data/uniq_user/xd.20240315.txt
[OK] /usr/local/games/oldtx/xd/gamelib/data/uniq_user/xd.20240314.txt
[OK] /usr/local/games/oldtx/xd/gamelib/data/uniq_user/xd.20240116.txt
[OK] /usr/local/games/oldtx/xd/gamelib/data/uniq_user/xd.20240102.txt
[OK] /usr/local/games/oldtx/xd/gamelib/data/uniq_user/xd.20240128.txt
[OK] /usr/local/games/oldtx/xd/gamelib/data/uniq_user/xd.20240114.txt
[OK] /usr/local/games/oldtx/xd/gamelib/data/uniq_user/xd.20240316.txt
[OK] /usr/local/games/oldtx/xd/gamelib/data/uniq_user/xd.20240302.txt
[OK] /usr/local/games/oldtx/xd/gamelib/data/uniq_user/xd.20240303.txt
[OK] /usr/local/games/oldtx/xd/gamelib/data/uniq_user/xd.20240317.txt
[OK] /usr/local/games/oldtx/xd/gamelib/data/uniq_user/xd.20240101.txt
[OK] /usr/local/games/oldtx/xd/gamelib/data/uniq_user/xd.20240115.txt
[OK] /usr/local/games/oldtx/xd/gamelib/data/uniq_user/xd.20240129.txt
[OK] /usr/local/games/oldtx/xd/gamelib/data/uniq_user/xd.20240204.txt
[OK] /usr/local/games/oldtx/xd/gamelib/data/uniq_user/xd.20240210.txt
[OK] /usr/local/games/oldtx/xd/gamelib/data/uniq_user/xd.20231210.txt
[OK] /usr/local/games/oldtx/xd/gamelib/data/uniq_user/xd.20231205.txt
[OK] /usr/local/games/oldtx/xd/gamelib/data/uniq_user/xd.20231211.txt
[OK] /usr/local/games/oldtx/xd/gamelib/data/uniq_user/xd.20240211.txt
[OK] /usr/local/games/oldtx/xd/gamelib/data/uniq_user/xd.20240205.txt
[OK] /usr/local/games/oldtx/xd/gamelib/data/uniq_user/xd.20240213.txt
[OK] /usr/local/games/oldtx/xd/gamelib/data/uniq_user/xd.20240207.txt
[OK] /usr/local/games/oldtx/xd/gamelib/data/uniq_user/xd.20231207.txt
[OK] /usr/local/games/oldtx/xd/gamelib/data/uniq_user/xd.20231213.txt
[OK] /usr/local/games/oldtx/xd/gamelib/data/uniq_user/xd.20231212.txt
[OK] /usr/local/games/oldtx/xd/gamelib/data/uniq_user/xd.20231206.txt
[OK] /usr/local/games/oldtx/xd/gamelib/data/uniq_user/xd.20240206.txt
[OK] /usr/local/games/oldtx/xd/gamelib/data/uniq_user/xd.20240212.txt
[OK] /usr/local/games/oldtx/xd/gamelib/data/uniq_user/xd.20240216.txt
[OK] /usr/local/games/oldtx/xd/gamelib/data/uniq_user/xd.20240202.txt
[OK] /usr/local/games/oldtx/xd/gamelib/data/uniq_user/xd.20231216.txt
[OK] /usr/local/games/oldtx/xd/gamelib/data/uniq_user/xd.20231217.txt
[OK] /usr/local/games/oldtx/xd/gamelib/data/uniq_user/xd.20240203.txt
[OK] /usr/local/games/oldtx/xd/gamelib/data/uniq_user/xd.20240217.txt
[OK] /usr/local/games/oldtx/xd/gamelib/data/uniq_user/xd.20240229.txt
[OK] /usr/local/games/oldtx/xd/gamelib/data/uniq_user/xd.20240201.txt
[OK] /usr/local/games/oldtx/xd/gamelib/data/uniq_user/xd.20240215.txt
[OK] /usr/local/games/oldtx/xd/gamelib/data/uniq_user/xd.20231215.txt
[OK] /usr/local/games/oldtx/xd/gamelib/data/uniq_user/xd.20231229.txt
[OK] /usr/local/games/oldtx/xd/gamelib/data/uniq_user/xd.20231228.txt
[OK] /usr/local/games/oldtx/xd/gamelib/data/uniq_user/xd.20231214.txt
[OK] /usr/local/games/oldtx/xd/gamelib/data/uniq_user/xd.20240214.txt
[OK] /usr/local/games/oldtx/xd/gamelib/data/uniq_user/xd.20240228.txt
[OK] /usr/local/games/oldtx/xd/gamelib/data/uniq_user/xd.20240225.txt
[OK] /usr/local/games/oldtx/xd/gamelib/data/uniq_user/xd.20240219.txt
[OK] /usr/local/games/oldtx/xd/gamelib/data/uniq_user/xd.20231219.txt
[OK] /usr/local/games/oldtx/xd/gamelib/data/uniq_user/xd.20231231.txt
[OK] /usr/local/games/oldtx/xd/gamelib/data/uniq_user/xd.20231225.txt
[OK] /usr/local/games/oldtx/xd/gamelib/data/uniq_user/xd.20231224.txt
[OK] /usr/local/games/oldtx/xd/gamelib/data/uniq_user/xd.20231230.txt
[OK] /usr/local/games/oldtx/xd/gamelib/data/uniq_user/xd.20231218.txt
[OK] /usr/local/games/oldtx/xd/gamelib/data/uniq_user/xd.20240218.txt
[OK] /usr/local/games/oldtx/xd/gamelib/data/uniq_user/xd.20240224.txt
[OK] /usr/local/games/oldtx/xd/gamelib/data/uniq_user/xd.20240226.txt
[OK] /usr/local/games/oldtx/xd/gamelib/data/uniq_user/xd.20231226.txt
[OK] /usr/local/games/oldtx/xd/gamelib/data/uniq_user/xd.20231227.txt
[OK] /usr/local/games/oldtx/xd/gamelib/data/uniq_user/xd.20240227.txt
[OK] /usr/local/games/oldtx/xd/gamelib/data/uniq_user/xd.20240223.txt
[OK] /usr/local/games/oldtx/xd/gamelib/data/uniq_user/xd.20231223.txt
[OK] /usr/local/games/oldtx/xd/gamelib/data/uniq_user/xd.20231222.txt
[OK] /usr/local/games/oldtx/xd/gamelib/data/uniq_user/xd.20240222.txt
[OK] /usr/local/games/oldtx/xd/gamelib/data/uniq_user/xd.20240208.txt
[OK] /usr/local/games/oldtx/xd/gamelib/data/uniq_user/xd.20240220.txt
[OK] /usr/local/games/oldtx/xd/gamelib/data/uniq_user/xd.20231220.txt
[OK] /usr/local/games/oldtx/xd/gamelib/data/uniq_user/xd.20231208.txt
[OK] /usr/local/games/oldtx/xd/gamelib/data/uniq_user/xd.20231209.txt
[OK] /usr/local/games/oldtx/xd/gamelib/data/uniq_user/xd.20231221.txt
[OK] /usr/local/games/oldtx/xd/gamelib/data/uniq_user/xd.20240221.txt
[OK] /usr/local/games/oldtx/xd/gamelib/data/uniq_user/xd.20240209.txt
[OK] /usr/local/games/oldtx/xd/gamelib/data/uniq_user/xd.20240130.txt
[OK] /usr/local/games/oldtx/xd/gamelib/data/uniq_user/xd.20240124.txt
[OK] /usr/local/games/oldtx/xd/gamelib/data/uniq_user/xd.20240118.txt
[OK] /usr/local/games/oldtx/xd/gamelib/data/uniq_user/xd.20240119.txt
[OK] /usr/local/games/oldtx/xd/gamelib/data/uniq_user/xd.20240125.txt
[OK] /usr/local/games/oldtx/xd/gamelib/data/uniq_user/xd.20240131.txt
[OK] /usr/local/games/oldtx/xd/gamelib/data/uniq_user/xd.20240127.txt
[OK] /usr/local/games/oldtx/xd/gamelib/data/uniq_user/xd.20240319.txt
[OK] /usr/local/games/oldtx/xd/gamelib/data/uniq_user/xd.20240318.txt
[OK] /usr/local/games/oldtx/xd/gamelib/data/uniq_user/xd.20240126.txt
[OK] /usr/local/games/oldtx/xd/gamelib/data/uniq_user/xd.20240122.txt
[OK] /usr/local/games/oldtx/xd/gamelib/data/uniq_user/xd.20240308.txt
[OK] /usr/local/games/oldtx/xd/gamelib/data/uniq_user/xd.20240309.txt
[OK] /usr/local/games/oldtx/xd/gamelib/data/uniq_user/xd.20240123.txt
[OK] /usr/local/games/oldtx/xd/gamelib/data/uniq_user/xd.20240109.txt
[OK] /usr/local/games/oldtx/xd/gamelib/data/uniq_user/xd.20240121.txt
[OK] /usr/local/games/oldtx/xd/gamelib/data/uniq_user/xd.20240120.txt
[OK] /usr/local/games/oldtx/xd/gamelib/data/uniq_user/xd.20240108.txt
[OK] /usr/local/games/oldtx/xd/gamelib/data/gifts.csv
[OK] /usr/local/games/oldtx/xd/gamelib/data/questionnaire.csv
[OK] /usr/local/games/oldtx/xd/gamelib/data/material/vicenpc.csv
[OK] /usr/local/games/oldtx/xd/gamelib/data/material/kuangwu.csv
[OK] /usr/local/games/oldtx/xd/gamelib/data/material/.svn/README.txt
[OK] /usr/local/games/oldtx/xd/gamelib/data/material/rongjie.csv
[OK] /usr/local/games/oldtx/xd/gamelib/data/material/peifang.csv
[OK] /usr/local/games/oldtx/xd/gamelib/data/material/ronglian.csv
[OK] /usr/local/games/oldtx/xd/gamelib/data/material/zhijia.csv
[OK] /usr/local/games/oldtx/xd/gamelib/data/material/liandan.csv
[OK] /usr/local/games/oldtx/xd/gamelib/data/material/caifeng.csv
[OK] /usr/local/games/oldtx/xd/gamelib/data/material/duanzao.csv
[OK] /usr/local/games/oldtx/xd/gamelib/data/material/caoyao.csv
[OK] /usr/local/games/oldtx/xd/gamelib/data/lottery_info.csv
[FAIL] /usr/local/games/oldtx/xd/gamelib/home.txt
=== Conversion Summary ===
Success: 0
Skipped: 0
Failed: 0
Finished: Fri Feb  6 06:11:40 EST 2026
