=== UTF-8 Conversion Log ===
Started: Fri Feb  6 06:09:50 EST 2026

[OK] /usr/local/games/oldtx/xd/not_in_svn/vendue_confirm.pike
[OK] /usr/local/games/oldtx/xd/not_in_svn/bandpsw_change_confirm.pike
[OK] /usr/local/games/oldtx/xd/not_in_svn/msg_write_confirm.pike
[OK] /usr/local/games/oldtx/xd/not_in_svn/present_set.pike
[OK] /usr/local/games/oldtx/xd/not_in_svn/callback_add.pike
[OK] /usr/local/games/oldtx/xd/lowlib/connd.pike
[OK] /usr/local/games/oldtx/xd/lowlib/conn.pike
[OK] /usr/local/games/oldtx/xd/lowlib/efuns.pike
[OK] /usr/local/games/oldtx/xd/lowlib/driver.pike
[OK] /usr/local/games/oldtx/xd/lowlib/system/master.pike
[OK] /usr/local/games/oldtx/xd/lowlib/system/cmds/login.pike
[OK] /usr/local/games/oldtx/xd/lowlib/system/cmds/login_intro.pike
[OK] /usr/local/games/oldtx/xd/lowlib/system/cmds/login_check.pike
[OK] /usr/local/games/oldtx/xd/lowlib/system/cmds/kill_filter.pike
[OK] /usr/local/games/oldtx/xd/lowlib/system/cmds/login_regnew.pike
[OK] /usr/local/games/oldtx/xd/lowlib/system/cmds/login_fee.pike
[OK] /usr/local/games/oldtx/xd/lowlib/system/cmds/login_check_p.pike
[OK] /usr/local/games/oldtx/xd/lowlib/system/cmds/login_pv.pike
[OK] /usr/local/games/oldtx/xd/lowlib/system/cmds/login_tongji.pike
[OK] /usr/local/games/oldtx/xd/lowlib/system/cmds/quit.pike
[OK] /usr/local/games/oldtx/xd/lowlib/system/cmds/login_monst.pike
[OK] /usr/local/games/oldtx/xd/lowlib/system/cmds/update.pike
[OK] /usr/local/games/oldtx/xd/lowlib/system/cmds/login_regnew_p.pike
[OK] /usr/local/games/oldtx/xd/lowlib/system/cmds/login_desc2.pike
[OK] /usr/local/games/oldtx/xd/lowlib/system/cmds/charerror.pike
[OK] /usr/local/games/oldtx/xd/lowlib/system/cmds/login_regtotal.pike
[OK] /usr/local/games/oldtx/xd/lowlib/system/cmds/who.pike
[OK] /usr/local/games/oldtx/xd/lowlib/system/cmds/what.pike
[OK] /usr/local/games/oldtx/xd/lowlib/system/cmds/login_entrycheck_p.pike
[OK] /usr/local/games/oldtx/xd/lowlib/system/cmds/shutdown.pike
[OK] /usr/local/games/oldtx/xd/lowlib/system/cmds/flush_filter.pike
[OK] /usr/local/games/oldtx/xd/lowlib/system/cmds/login_check5.pike
[OK] /usr/local/games/oldtx/xd/lowlib/system/cmds/login_check_intro.pike
[OK] /usr/local/games/oldtx/xd/lowlib/system/cmds/save.pike
[OK] /usr/local/games/oldtx/xd/lowlib/system/cmds/set_filter.pike
[OK] /usr/local/games/oldtx/xd/lowlib/system/cmds/login_fee_xd.pike
[OK] /usr/local/games/oldtx/xd/lowlib/system/cmds/login_band.pike
[OK] /usr/local/games/oldtx/xd/lowlib/system/single/void.pike
[OK] /usr/local/games/oldtx/xd/lowlib/system/single/globald.pike
[OK] /usr/local/games/oldtx/xd/lowlib/system/inherit/base.pike
[OK] /usr/local/games/oldtx/xd/lowlib/system/inherit/daemon.pike
[OK] /usr/local/games/oldtx/xd/lowlib/system/inherit/filter.pike
[OK] /usr/local/games/oldtx/xd/lowlib/system/inherit/feature/dbase.pike
[OK] /usr/local/games/oldtx/xd/lowlib/system/inherit/feature/access.pike
[OK] /usr/local/games/oldtx/xd/lowlib/system/inherit/feature/cmds.pike
[OK] /usr/local/games/oldtx/xd/lowlib/system/inherit/feature/hidden.pike
[OK] /usr/local/games/oldtx/xd/lowlib/system/clone/login.pike
[OK] /usr/local/games/oldtx/xd/lowlib/system/clone/user.pike
[OK] /usr/local/games/oldtx/xd/lowlib/system/filter/wml.pike
[OK] /usr/local/games/oldtx/xd/lowlib/system/filter/html6 copy.pike
[OK] /usr/local/games/oldtx/xd/lowlib/system/filter/html5.pike
[OK] /usr/local/games/oldtx/xd/lowlib/system/filter/html6.pike
[OK] /usr/local/games/oldtx/xd/lowlib/system/filter/html6_dark.pike
[OK] /usr/local/games/oldtx/xd/lowlib/mudlib/single/skillsd.pike
[OK] /usr/local/games/oldtx/xd/lowlib/mudlib/single/chinesed.pike
[OK] /usr/local/games/oldtx/xd/lowlib/mudlib/single/roomd.pike
[OK] /usr/local/games/oldtx/xd/lowlib/mudlib/single/emoted.pike
[OK] /usr/local/games/oldtx/xd/lowlib/mudlib/single/timesd.pike
[OK] /usr/local/games/oldtx/xd/lowlib/mudlib/single/presentd.pike
[OK] /usr/local/games/oldtx/xd/lowlib/mudlib/single/appearanced.pike
[OK] /usr/local/games/oldtx/xd/lowlib/mudlib/single/moneyd.pike
[OK] /usr/local/games/oldtx/xd/lowlib/mudlib/inherit/user.pike
[OK] /usr/local/games/oldtx/xd/lowlib/mudlib/inherit/npc.pike
[OK] /usr/local/games/oldtx/xd/lowlib/mudlib/inherit/skill.pike
[OK] /usr/local/games/oldtx/xd/lowlib/mudlib/inherit/room.pike
[OK] /usr/local/games/oldtx/xd/lowlib/mudlib/inherit/item.pike
[OK] /usr/local/games/oldtx/xd/lowlib/mudlib/inherit/feature/attack.pike
[OK] /usr/local/games/oldtx/xd/lowlib/mudlib/inherit/feature/init.pike
[OK] /usr/local/games/oldtx/xd/lowlib/mudlib/inherit/feature/ghost.pike
[OK] /usr/local/games/oldtx/xd/lowlib/mudlib/inherit/feature/level.pike
[OK] /usr/local/games/oldtx/xd/lowlib/mudlib/inherit/feature/heartbeat.pike
[OK] /usr/local/games/oldtx/xd/lowlib/mudlib/inherit/feature/char.pike
[OK] /usr/local/games/oldtx/xd/lowlib/mudlib/inherit/feature/equip.pike
[OK] /usr/local/games/oldtx/xd/lowlib/mudlib/clone/view.pike
[OK] /usr/local/games/oldtx/xd/lowlib/wapmud2/cmds/fight.pike
[OK] /usr/local/games/oldtx/xd/lowlib/wapmud2/cmds/char_task_refer.pike
[OK] /usr/local/games/oldtx/xd/lowlib/wapmud2/cmds/drop_confirm.pike
[OK] /usr/local/games/oldtx/xd/lowlib/wapmud2/cmds/npc_kill.pike
[OK] /usr/local/games/oldtx/xd/lowlib/wapmud2/cmds/char_task_accept.pike
[OK] /usr/local/games/oldtx/xd/lowlib/wapmud2/cmds/list.pike
[OK] /usr/local/games/oldtx/xd/lowlib/wapmud2/cmds/task_cancel.pike
[OK] /usr/local/games/oldtx/xd/lowlib/wapmud2/cmds/list_spec.pike
[OK] /usr/local/games/oldtx/xd/lowlib/wapmud2/cmds/set_autoSkills.pike
[OK] /usr/local/games/oldtx/xd/lowlib/wapmud2/cmds/_explorer.pike
[OK] /usr/local/games/oldtx/xd/lowlib/wapmud2/cmds/unwield.pike
[OK] /usr/local/games/oldtx/xd/lowlib/wapmud2/cmds/exercise.pike
[OK] /usr/local/games/oldtx/xd/lowlib/wapmud2/cmds/drop.pike
[OK] /usr/local/games/oldtx/xd/lowlib/wapmud2/cmds/init.pike
[OK] /usr/local/games/oldtx/xd/lowlib/wapmud2/cmds/inventory.pike
[OK] /usr/local/games/oldtx/xd/lowlib/wapmud2/cmds/buy_goods.pike
[OK] /usr/local/games/oldtx/xd/lowlib/wapmud2/cmds/ask_npc.pike
[OK] /usr/local/games/oldtx/xd/lowlib/wapmud2/cmds/use_toolbar.pike
[OK] /usr/local/games/oldtx/xd/lowlib/wapmud2/cmds/inventory_daoju_sell.pike
[OK] /usr/local/games/oldtx/xd/lowlib/wapmud2/cmds/inv_other.pike
[OK] /usr/local/games/oldtx/xd/lowlib/wapmud2/cmds/task_accept.pike
[OK] /usr/local/games/oldtx/xd/lowlib/wapmud2/cmds/flushview.pike
[OK] /usr/local/games/oldtx/xd/lowlib/wapmud2/cmds/wield.pike
[OK] /usr/local/games/oldtx/xd/lowlib/wapmud2/cmds/drink.pike
[OK] /usr/local/games/oldtx/xd/lowlib/wapmud2/cmds/wear.pike
[OK] /usr/local/games/oldtx/xd/lowlib/wapmud2/cmds/sell.pike
[OK] /usr/local/games/oldtx/xd/lowlib/wapmud2/cmds/chars.pike
[OK] /usr/local/games/oldtx/xd/lowlib/wapmud2/cmds/drop_some.pike
[OK] /usr/local/games/oldtx/xd/lowlib/wapmud2/cmds/eat.pike
[OK] /usr/local/games/oldtx/xd/lowlib/wapmud2/cmds/unwear.pike
[OK] /usr/local/games/oldtx/xd/lowlib/wapmud2/cmds/inventory_sell.pike
[OK] /usr/local/games/oldtx/xd/lowlib/wapmud2/cmds/item.pike
[OK] /usr/local/games/oldtx/xd/lowlib/wapmud2/cmds/arrive.pike
[OK] /usr/local/games/oldtx/xd/lowlib/wapmud2/cmds/sell_confirm.pike
[OK] /usr/local/games/oldtx/xd/lowlib/wapmud2/cmds/set_sid.pike
[OK] /usr/local/games/oldtx/xd/lowlib/wapmud2/cmds/kill.pike
[OK] /usr/local/games/oldtx/xd/lowlib/wapmud2/cmds/disable_autoSkills.pike
[OK] /usr/local/games/oldtx/xd/lowlib/wapmud2/cmds/popview.pike
[OK] /usr/local/games/oldtx/xd/lowlib/wapmud2/cmds/kill_quick.pike
[OK] /usr/local/games/oldtx/xd/lowlib/wapmud2/cmds/escape.pike
[OK] /usr/local/games/oldtx/xd/lowlib/wapmud2/cmds/buy_goods_spec.pike
[OK] /usr/local/games/oldtx/xd/lowlib/wapmud2/cmds/sleep_for_learn.pike
[OK] /usr/local/games/oldtx/xd/lowlib/wapmud2/cmds/buy_detail_spec.pike
[OK] /usr/local/games/oldtx/xd/lowlib/wapmud2/cmds/char.pike
[OK] /usr/local/games/oldtx/xd/lowlib/wapmud2/cmds/buy_detail.pike
[OK] /usr/local/games/oldtx/xd/lowlib/wapmud2/cmds/checkitem.pike
[OK] /usr/local/games/oldtx/xd/lowlib/wapmud2/cmds/items.pike
[OK] /usr/local/games/oldtx/xd/lowlib/wapmud2/cmds/task_refer.pike
[OK] /usr/local/games/oldtx/xd/lowlib/wapmud2/cmds/viewTaskHistory.pike
[OK] /usr/local/games/oldtx/xd/lowlib/wapmud2/cmds/view_mytask.pike
[OK] /usr/local/games/oldtx/xd/lowlib/wapmud2/cmds/inv.pike
[OK] /usr/local/games/oldtx/xd/lowlib/wapmud2/cmds/inventory_daoju.pike
[OK] /usr/local/games/oldtx/xd/lowlib/wapmud2/single/bangd.pike
[OK] /usr/local/games/oldtx/xd/lowlib/wapmud2/single/viewd.pike
[OK] /usr/local/games/oldtx/xd/lowlib/wapmud2/single/honerd.pike
[OK] /usr/local/games/oldtx/xd/lowlib/wapmud2/single/bangzhand.pike
[OK] /usr/local/games/oldtx/xd/lowlib/wapmud2/inherit/user.pike
[OK] /usr/local/games/oldtx/xd/lowlib/wapmud2/inherit/life.pike
[OK] /usr/local/games/oldtx/xd/lowlib/wapmud2/inherit/npc.pike
[OK] /usr/local/games/oldtx/xd/lowlib/wapmud2/inherit/jewelry.pike
[OK] /usr/local/games/oldtx/xd/lowlib/wapmud2/inherit/hongbao.pike
[OK] /usr/local/games/oldtx/xd/lowlib/wapmud2/inherit/infancy.pike
[OK] /usr/local/games/oldtx/xd/lowlib/wapmud2/inherit/skill.pike
[OK] /usr/local/games/oldtx/xd/lowlib/wapmud2/inherit/decorate.pike
[OK] /usr/local/games/oldtx/xd/lowlib/wapmud2/inherit/baoxiang.pike
[OK] /usr/local/games/oldtx/xd/lowlib/wapmud2/inherit/baoshi.pike
[OK] /usr/local/games/oldtx/xd/lowlib/wapmud2/inherit/armor.pike
[OK] /usr/local/games/oldtx/xd/lowlib/wapmud2/inherit/weapon.pike
[OK] /usr/local/games/oldtx/xd/lowlib/wapmud2/inherit/combine_item.pike
[OK] /usr/local/games/oldtx/xd/lowlib/wapmud2/inherit/yushi.pike
[OK] /usr/local/games/oldtx/xd/lowlib/wapmud2/inherit/source.pike
[OK] /usr/local/games/oldtx/xd/lowlib/wapmud2/inherit/feature/fight.pike
[OK] /usr/local/games/oldtx/xd/lowlib/wapmud2/inherit/feature/catch_tell.pike
[OK] /usr/local/games/oldtx/xd/lowlib/wapmud2/inherit/feature/qqlist.pike
[OK] /usr/local/games/oldtx/xd/lowlib/wapmud2/inherit/feature/exits.pike
[OK] /usr/local/games/oldtx/xd/lowlib/wapmud2/inherit/feature/inventory.pike
[OK] /usr/local/games/oldtx/xd/lowlib/wapmud2/inherit/feature/skills.pike
[OK] /usr/local/games/oldtx/xd/lowlib/wapmud2/inherit/feature/value.pike
[OK] /usr/local/games/oldtx/xd/lowlib/wapmud2/inherit/feature/mbox.pike
[OK] /usr/local/games/oldtx/xd/lowlib/wapmud2/inherit/feature/links.pike
[OK] /usr/local/games/oldtx/xd/lowlib/wapmud2/inherit/feature/viewstack.pike
[OK] /usr/local/games/oldtx/xd/lowlib/wapmud2/inherit/transfer.pike
[OK] /usr/local/games/oldtx/xd/lowlib/wapmud2/inherit/food.pike
[OK] /usr/local/games/oldtx/xd/lowlib/wapmud2/inherit/water.pike
[OK] /usr/local/games/oldtx/xd/lowlib/wapmud2/inherit/danyao.pike
[OK] /usr/local/games/oldtx/xd/gamelib/master.pike
[OK] /usr/local/games/oldtx/xd/gamelib/cmds/convert_equip_list.pike
[OK] /usr/local/games/oldtx/xd/gamelib/cmds/viceskill_ronglian_confirm.pike
[OK] /usr/local/games/oldtx/xd/gamelib/cmds/home_functionroom_sell_detail.pike
[OK] /usr/local/games/oldtx/xd/gamelib/cmds/viceskill_view.pike
[OK] /usr/local/games/oldtx/xd/gamelib/cmds/wiz_cd.pike
[OK] /usr/local/games/oldtx/xd/gamelib/cmds/yushi_buy_hlbook_list.pike
[OK] /usr/local/games/oldtx/xd/gamelib/cmds/term_kick.pike
[OK] /usr/local/games/oldtx/xd/gamelib/cmds/home_knock_door.pike
[OK] /usr/local/games/oldtx/xd/gamelib/cmds/bang_readme.pike
[OK] /usr/local/games/oldtx/xd/gamelib/cmds/bx_get_xx_test.pike
[OK] /usr/local/games/oldtx/xd/gamelib/cmds/ui_select_room.pike
[OK] /usr/local/games/oldtx/xd/gamelib/cmds/vendue_confirm.pike
[OK] /usr/local/games/oldtx/xd/gamelib/cmds/spy_del_confirm.pike
[OK] /usr/local/games/oldtx/xd/gamelib/cmds/home_buy_shopItem_confirm.pike
[OK] /usr/local/games/oldtx/xd/gamelib/cmds/bang_accept.pike
[OK] /usr/local/games/oldtx/xd/gamelib/cmds/bang_view_members.pike
[OK] /usr/local/games/oldtx/xd/gamelib/cmds/paihang_mark_toplist.pike
[OK] /usr/local/games/oldtx/xd/gamelib/cmds/home_shop_sale_paihang.pike
[OK] /usr/local/games/oldtx/xd/gamelib/cmds/home_sell_remind.pike
[OK] /usr/local/games/oldtx/xd/gamelib/cmds/mailbox_read.pike
[OK] /usr/local/games/oldtx/xd/gamelib/cmds/random_award.pike
[OK] /usr/local/games/oldtx/xd/gamelib/cmds/wiz_summon.pike
[OK] /usr/local/games/oldtx/xd/gamelib/cmds/home_buy_else_list.pike
[OK] /usr/local/games/oldtx/xd/gamelib/cmds/gift_info_view.pike
[OK] /usr/local/games/oldtx/xd/gamelib/cmds/user_repackage.pike
[OK] /usr/local/games/oldtx/xd/gamelib/cmds/shzzh_equip_exchange.pike
[OK] /usr/local/games/oldtx/xd/gamelib/cmds/paihang_list.pike
[OK] /usr/local/games/oldtx/xd/gamelib/cmds/wiz_modi_info.pike
[OK] /usr/local/games/oldtx/xd/gamelib/cmds/waigua_check_exit.pike
[OK] /usr/local/games/oldtx/xd/gamelib/cmds/spy_add_confirm.pike
[OK] /usr/local/games/oldtx/xd/gamelib/cmds/view_more_tips.pike
[OK] /usr/local/games/oldtx/xd/gamelib/cmds/viceskill_duanzao_pf.pike
[OK] /usr/local/games/oldtx/xd/gamelib/cmds/home_functionroom_buy_detail.pike
[OK] /usr/local/games/oldtx/xd/gamelib/cmds/vendue_getback_item.pike
[OK] /usr/local/games/oldtx/xd/gamelib/cmds/home_dog_bury.pike
[OK] /usr/local/games/oldtx/xd/gamelib/cmds/fee_exchange_to_confirm.pike
[OK] /usr/local/games/oldtx/xd/gamelib/cmds/bang_create.pike
[OK] /usr/local/games/oldtx/xd/gamelib/cmds/bc_enter.pike
[OK] /usr/local/games/oldtx/xd/gamelib/cmds/yushi_degrade_detail.pike
[OK] /usr/local/games/oldtx/xd/gamelib/cmds/yblh_buy_detail.pike
[OK] /usr/local/games/oldtx/xd/gamelib/cmds/yushi_buy_teyao_detail.pike
[OK] /usr/local/games/oldtx/xd/gamelib/cmds/home_purchase_confirm.pike
[OK] /usr/local/games/oldtx/xd/gamelib/cmds/_break_then_wakeup.pike
[OK] /usr/local/games/oldtx/xd/gamelib/cmds/paihang_update_mark_toplist.pike
[OK] /usr/local/games/oldtx/xd/gamelib/cmds/fee_exchange_to_detail.pike
[OK] /usr/local/games/oldtx/xd/gamelib/cmds/spy_add.pike
[OK] /usr/local/games/oldtx/xd/gamelib/cmds/qqlist_history.pike
[OK] /usr/local/games/oldtx/xd/gamelib/cmds/home_function_fly_show_target.pike
[OK] /usr/local/games/oldtx/xd/gamelib/cmds/tfzz.pike
[OK] /usr/local/games/oldtx/xd/gamelib/cmds/spec_yingdun.pike
[OK] /usr/local/games/oldtx/xd/gamelib/cmds/inventory_daoju_vendue.pike
[OK] /usr/local/games/oldtx/xd/gamelib/cmds/conn_menu.pike
[OK] /usr/local/games/oldtx/xd/gamelib/cmds/viceskill_duanzao_confirm.pike
[OK] /usr/local/games/oldtx/xd/gamelib/cmds/qqlist_group_delete.pike
[OK] /usr/local/games/oldtx/xd/gamelib/cmds/waigua_check.pike
[OK] /usr/local/games/oldtx/xd/gamelib/cmds/term_changeleader.pike
[OK] /usr/local/games/oldtx/xd/gamelib/cmds/bandpsw_change_confirm.pike
[OK] /usr/local/games/oldtx/xd/gamelib/cmds/home_shop_service_center.pike
[OK] /usr/local/games/oldtx/xd/gamelib/cmds/home_move.pike
[OK] /usr/local/games/oldtx/xd/gamelib/cmds/_break_then_auto_learn_end_confirm.pike
[OK] /usr/local/games/oldtx/xd/gamelib/cmds/vip_myzone_free_detail.pike
[OK] /usr/local/games/oldtx/xd/gamelib/cmds/bang_change_desc.pike
[OK] /usr/local/games/oldtx/xd/gamelib/cmds/chatroom_block.pike
[OK] /usr/local/games/oldtx/xd/gamelib/cmds/viceskill_book_buy.pike
[OK] /usr/local/games/oldtx/xd/gamelib/cmds/home_life_cancel_submit.pike
[OK] /usr/local/games/oldtx/xd/gamelib/cmds/mailbox_delete.pike
[OK] /usr/local/games/oldtx/xd/gamelib/cmds/spec_use_ningye.pike
[OK] /usr/local/games/oldtx/xd/gamelib/cmds/vip_service_upgrade_detail.pike
[OK] /usr/local/games/oldtx/xd/gamelib/cmds/yuebing_buy.pike
[OK] /usr/local/games/oldtx/xd/gamelib/cmds/check_yun_msg.pike
[OK] /usr/local/games/oldtx/xd/gamelib/cmds/home_life_add_submit.pike
[OK] /usr/local/games/oldtx/xd/gamelib/cmds/yushi_degrade.pike
[OK] /usr/local/games/oldtx/xd/gamelib/cmds/home_apply_shopLicense_confirm.pike
[OK] /usr/local/games/oldtx/xd/gamelib/cmds/viceskill_book_buy_list.pike
[OK] /usr/local/games/oldtx/xd/gamelib/cmds/item_ungroup.pike
[OK] /usr/local/games/oldtx/xd/gamelib/cmds/vip_myzone_free_confirm.pike
[OK] /usr/local/games/oldtx/xd/gamelib/cmds/paihang_account_toplist.pike
[OK] /usr/local/games/oldtx/xd/gamelib/cmds/wiz_find.pike
[OK] /usr/local/games/oldtx/xd/gamelib/cmds/home_shop_recommend_confirm.pike
[OK] /usr/local/games/oldtx/xd/gamelib/cmds/viceskill_dig.pike
[OK] /usr/local/games/oldtx/xd/gamelib/cmds/vip_service_list.pike
[OK] /usr/local/games/oldtx/xd/gamelib/cmds/add_big_fee.pike
[OK] /usr/local/games/oldtx/xd/gamelib/cmds/chatroom_chat.pike
[OK] /usr/local/games/oldtx/xd/gamelib/cmds/home_redesc_confirm.pike
[OK] /usr/local/games/oldtx/xd/gamelib/cmds/home_buy_dog_detail.pike
[OK] /usr/local/games/oldtx/xd/gamelib/cmds/home_life_cancel_confirm.pike
[OK] /usr/local/games/oldtx/xd/gamelib/cmds/yushi_msg_readme.pike
[OK] /usr/local/games/oldtx/xd/gamelib/cmds/user_package_replace_confirm.pike
[OK] /usr/local/games/oldtx/xd/gamelib/cmds/bang_manage.pike
[OK] /usr/local/games/oldtx/xd/gamelib/cmds/sendother_daoju_to.pike
[OK] /usr/local/games/oldtx/xd/gamelib/cmds/spy_del.pike
[OK] /usr/local/games/oldtx/xd/gamelib/cmds/term_refuse.pike
[OK] /usr/local/games/oldtx/xd/gamelib/cmds/spec_ningye.pike
[OK] /usr/local/games/oldtx/xd/gamelib/cmds/vip_myshop.pike
[OK] /usr/local/games/oldtx/xd/gamelib/cmds/home_rename_confirm.pike
[OK] /usr/local/games/oldtx/xd/gamelib/cmds/msg_write_entry.pike
[OK] /usr/local/games/oldtx/xd/gamelib/cmds/viceskill_test.pike
[OK] /usr/local/games/oldtx/xd/gamelib/cmds/ui_char.pike
[OK] /usr/local/games/oldtx/xd/gamelib/cmds/chatroom_entry.pike
[OK] /usr/local/games/oldtx/xd/gamelib/cmds/present_buy.pike
[OK] /usr/local/games/oldtx/xd/gamelib/cmds/home_functionroom_remind.pike
[OK] /usr/local/games/oldtx/xd/gamelib/cmds/home_add_shopItem.pike
[OK] /usr/local/games/oldtx/xd/gamelib/cmds/vendue_cancel.pike
[OK] /usr/local/games/oldtx/xd/gamelib/cmds/auto_learn_set.pike
[OK] /usr/local/games/oldtx/xd/gamelib/cmds/equip_xiangqian_change.pike
[OK] /usr/local/games/oldtx/xd/gamelib/cmds/honer_equip_view.pike
[OK] /usr/local/games/oldtx/xd/gamelib/cmds/qqlist.pike
[OK] /usr/local/games/oldtx/xd/gamelib/cmds/jjbx_open.pike
[OK] /usr/local/games/oldtx/xd/gamelib/cmds/qqlist_admin.pike
[OK] /usr/local/games/oldtx/xd/gamelib/cmds/viceskill_zhijia_pf.pike
[OK] /usr/local/games/oldtx/xd/gamelib/cmds/szx_readme.pike
[OK] /usr/local/games/oldtx/xd/gamelib/cmds/set_bandpsw.pike
[OK] /usr/local/games/oldtx/xd/gamelib/cmds/yushi_do_else.pike
[OK] /usr/local/games/oldtx/xd/gamelib/cmds/home_display_home.pike
[OK] /usr/local/games/oldtx/xd/gamelib/cmds/look.pike
[OK] /usr/local/games/oldtx/xd/gamelib/cmds/qqlist_group.pike
[OK] /usr/local/games/oldtx/xd/gamelib/cmds/vendue_maunl_comp.pike
[OK] /usr/local/games/oldtx/xd/gamelib/cmds/home_display.pike
[OK] /usr/local/games/oldtx/xd/gamelib/cmds/sendother_to.pike
[OK] /usr/local/games/oldtx/xd/gamelib/cmds/bx_view_equiplist.pike
[OK] /usr/local/games/oldtx/xd/gamelib/cmds/vip_myzone_off_confirm.pike
[OK] /usr/local/games/oldtx/xd/gamelib/cmds/spec_use_huawu.pike
[OK] /usr/local/games/oldtx/xd/gamelib/cmds/mgr_usr_data.pike
[OK] /usr/local/games/oldtx/xd/gamelib/cmds/fee_exchange_list.pike
[OK] /usr/local/games/oldtx/xd/gamelib/cmds/race_change.pike
[OK] /usr/local/games/oldtx/xd/gamelib/cmds/viceskill_caifeng_confirm.pike
[OK] /usr/local/games/oldtx/xd/gamelib/cmds/whoa.pike
[OK] /usr/local/games/oldtx/xd/gamelib/cmds/vendue_readme.pike
[OK] /usr/local/games/oldtx/xd/gamelib/cmds/home_rename_submit.pike
[OK] /usr/local/games/oldtx/xd/gamelib/cmds/auto_learn_confirm.pike
[OK] /usr/local/games/oldtx/xd/gamelib/cmds/home_shop_item_list.pike
[OK] /usr/local/games/oldtx/xd/gamelib/cmds/vendue.pike
[OK] /usr/local/games/oldtx/xd/gamelib/cmds/blacklist.pike
[OK] /usr/local/games/oldtx/xd/gamelib/cmds/bz_apply_in.pike
[OK] /usr/local/games/oldtx/xd/gamelib/cmds/home_redesc_submit.pike
[OK] /usr/local/games/oldtx/xd/gamelib/cmds/transfer_to.pike
[OK] /usr/local/games/oldtx/xd/gamelib/cmds/yushi_explain.pike
[OK] /usr/local/games/oldtx/xd/gamelib/cmds/home_visit.pike
[OK] /usr/local/games/oldtx/xd/gamelib/cmds/home_life_add_confirm.pike
[OK] /usr/local/games/oldtx/xd/gamelib/cmds/home_view.pike
[OK] /usr/local/games/oldtx/xd/gamelib/cmds/bz_view_equiplist.pike
[OK] /usr/local/games/oldtx/xd/gamelib/cmds/spec_yujianshu.pike
[OK] /usr/local/games/oldtx/xd/gamelib/cmds/ljs_chongzhi_detail.pike
[OK] /usr/local/games/oldtx/xd/gamelib/cmds/home_function_fly_set_target_detail.pike
[OK] /usr/local/games/oldtx/xd/gamelib/cmds/coustom.pike
[OK] /usr/local/games/oldtx/xd/gamelib/cmds/add_big_fee_detail.pike
[OK] /usr/local/games/oldtx/xd/gamelib/cmds/equip_xiangqian_list.pike
[OK] /usr/local/games/oldtx/xd/gamelib/cmds/qqlist_move.pike
[OK] /usr/local/games/oldtx/xd/gamelib/cmds/msg_write_confirm.pike
[OK] /usr/local/games/oldtx/xd/gamelib/cmds/huanjin_equip_exchange.pike
[OK] /usr/local/games/oldtx/xd/gamelib/cmds/viceskill_ronglian_list.pike
[OK] /usr/local/games/oldtx/xd/gamelib/cmds/lottery_view_detail.pike
[OK] /usr/local/games/oldtx/xd/gamelib/cmds/myinfo.pike
[OK] /usr/local/games/oldtx/xd/gamelib/cmds/user_package_buy.pike
[OK] /usr/local/games/oldtx/xd/gamelib/cmds/home_dog_resurrected.pike
[OK] /usr/local/games/oldtx/xd/gamelib/cmds/follow_cancel.pike
[OK] /usr/local/games/oldtx/xd/gamelib/cmds/vip_service_extend_confirm.pike
[OK] /usr/local/games/oldtx/xd/gamelib/cmds/user_package.pike
[OK] /usr/local/games/oldtx/xd/gamelib/cmds/yushi_add_fee.pike
[OK] /usr/local/games/oldtx/xd/gamelib/cmds/game_deal.pike
[OK] /usr/local/games/oldtx/xd/gamelib/cmds/race_change_bak.pike
[OK] /usr/local/games/oldtx/xd/gamelib/cmds/yushi_buy_hlbook_confirm.pike
[OK] /usr/local/games/oldtx/xd/gamelib/cmds/convert_equip_detail.pike
[OK] /usr/local/games/oldtx/xd/gamelib/cmds/home_function_fly_set_target_confirm.pike
[OK] /usr/local/games/oldtx/xd/gamelib/cmds/bang_quit.pike
[OK] /usr/local/games/oldtx/xd/gamelib/cmds/home_add_daoju_shopItem.pike
[OK] /usr/local/games/oldtx/xd/gamelib/cmds/term_ok.pike
[OK] /usr/local/games/oldtx/xd/gamelib/cmds/bang_dismiss.pike
[OK] /usr/local/games/oldtx/xd/gamelib/cmds/yblh_buy_confirm.pike
[OK] /usr/local/games/oldtx/xd/gamelib/cmds/home_shop_item_detail.pike
[OK] /usr/local/games/oldtx/xd/gamelib/cmds/user_package_replace_detail.pike
[OK] /usr/local/games/oldtx/xd/gamelib/cmds/present_set.pike
[OK] /usr/local/games/oldtx/xd/gamelib/cmds/home_shopItem_marked_price.pike
[OK] /usr/local/games/oldtx/xd/gamelib/cmds/lottery_view_list.pike
[OK] /usr/local/games/oldtx/xd/gamelib/cmds/_break_then_auto_learn_end_submit.pike
[OK] /usr/local/games/oldtx/xd/gamelib/cmds/fb_assign_confirm.pike
[OK] /usr/local/games/oldtx/xd/gamelib/cmds/user_package_buy_confirm.pike
[OK] /usr/local/games/oldtx/xd/gamelib/cmds/bz_quit.pike
[OK] /usr/local/games/oldtx/xd/gamelib/cmds/add_szx_fee.pike
[OK] /usr/local/games/oldtx/xd/gamelib/cmds/home_install_conform.pike
[OK] /usr/local/games/oldtx/xd/gamelib/cmds/mailbox_mail.pike
[OK] /usr/local/games/oldtx/xd/gamelib/cmds/wiz_goto.pike
[OK] /usr/local/games/oldtx/xd/gamelib/cmds/spec_huawu.pike
[OK] /usr/local/games/oldtx/xd/gamelib/cmds/viceskill_liandan_pf.pike
[OK] /usr/local/games/oldtx/xd/gamelib/cmds/vendue_vie_buy.pike
[OK] /usr/local/games/oldtx/xd/gamelib/cmds/ui_chat.pike
[OK] /usr/local/games/oldtx/xd/gamelib/cmds/toolbar_view.pike
[OK] /usr/local/games/oldtx/xd/gamelib/cmds/gift_take.pike
[OK] /usr/local/games/oldtx/xd/gamelib/cmds/hb_take.pike
[OK] /usr/local/games/oldtx/xd/gamelib/cmds/my_games.pike
[OK] /usr/local/games/oldtx/xd/gamelib/cmds/home_purchase_flat_list.pike
[OK] /usr/local/games/oldtx/xd/gamelib/cmds/diaocha_advice.pike
[OK] /usr/local/games/oldtx/xd/gamelib/cmds/mailbox_compose.pike
[OK] /usr/local/games/oldtx/xd/gamelib/cmds/my_term.pike
[OK] /usr/local/games/oldtx/xd/gamelib/cmds/toolbar_cancel.pike
[OK] /usr/local/games/oldtx/xd/gamelib/cmds/vip_service_show.pike
[OK] /usr/local/games/oldtx/xd/gamelib/cmds/home_functionroom_buy_confirm.pike
[OK] /usr/local/games/oldtx/xd/gamelib/cmds/viceskill_pf_detail.pike
[OK] /usr/local/games/oldtx/xd/gamelib/cmds/wiz_ls.pike
[OK] /usr/local/games/oldtx/xd/gamelib/cmds/_break_then_auto_learn_check.pike
[OK] /usr/local/games/oldtx/xd/gamelib/cmds/home_shop_item_confirm.pike
[OK] /usr/local/games/oldtx/xd/gamelib/cmds/yushi_myzone.pike
[OK] /usr/local/games/oldtx/xd/gamelib/cmds/viceskill_add_moxian_caifeng.pike
[OK] /usr/local/games/oldtx/xd/gamelib/cmds/viceskill_caifeng_pf.pike
[OK] /usr/local/games/oldtx/xd/gamelib/cmds/toolbar_set.pike
[OK] /usr/local/games/oldtx/xd/gamelib/cmds/add_else_fee.pike
[OK] /usr/local/games/oldtx/xd/gamelib/cmds/home_life_add.pike
[OK] /usr/local/games/oldtx/xd/gamelib/cmds/chatroom_blocklist.pike
[OK] /usr/local/games/oldtx/xd/gamelib/cmds/bz_top_list.pike
[OK] /usr/local/games/oldtx/xd/gamelib/cmds/bx_open.pike
[OK] /usr/local/games/oldtx/xd/gamelib/cmds/mytasks.pike
[OK] /usr/local/games/oldtx/xd/gamelib/cmds/bc_confirm.pike
[OK] /usr/local/games/oldtx/xd/gamelib/cmds/inventory_package.pike
[OK] /usr/local/games/oldtx/xd/gamelib/cmds/term_release.pike
[OK] /usr/local/games/oldtx/xd/gamelib/cmds/home_apply_shopLicense.pike
[OK] /usr/local/games/oldtx/xd/gamelib/cmds/convert_readme.pike
[OK] /usr/local/games/oldtx/xd/gamelib/cmds/my_bang.pike
[OK] /usr/local/games/oldtx/xd/gamelib/cmds/yushi_buy_teyao_confirm.pike
[OK] /usr/local/games/oldtx/xd/gamelib/cmds/term_assist.pike
[OK] /usr/local/games/oldtx/xd/gamelib/cmds/home_buy_shopItem_detail.pike
[OK] /usr/local/games/oldtx/xd/gamelib/cmds/chatroom_char.pike
[OK] /usr/local/games/oldtx/xd/gamelib/cmds/fb_leave.pike
[OK] /usr/local/games/oldtx/xd/gamelib/cmds/reg_account.pike
[OK] /usr/local/games/oldtx/xd/gamelib/cmds/hb_open.pike
[OK] /usr/local/games/oldtx/xd/gamelib/cmds/door_destroy_entry.pike
[OK] /usr/local/games/oldtx/xd/gamelib/cmds/set_mkey.pike
[OK] /usr/local/games/oldtx/xd/gamelib/cmds/vendue_mygoods_list.pike
[OK] /usr/local/games/oldtx/xd/gamelib/cmds/viceskill_giveup.pike
[OK] /usr/local/games/oldtx/xd/gamelib/cmds/vip_service_upgrade_list.pike
[OK] /usr/local/games/oldtx/xd/gamelib/cmds/vip_service_app_detail.pike
[OK] /usr/local/games/oldtx/xd/gamelib/cmds/wiz_shout2.pike
[OK] /usr/local/games/oldtx/xd/gamelib/cmds/home_shopItem_marked_price_confirm.pike
[OK] /usr/local/games/oldtx/xd/gamelib/cmds/home_life_replace_confirm.pike
[OK] /usr/local/games/oldtx/xd/gamelib/cmds/get.pike
[OK] /usr/local/games/oldtx/xd/gamelib/cmds/wiz_look.pike
[OK] /usr/local/games/oldtx/xd/gamelib/cmds/add_wap_fee.pike
[OK] /usr/local/games/oldtx/xd/gamelib/cmds/home_mydog.pike
[OK] /usr/local/games/oldtx/xd/gamelib/cmds/sendother_daoju.pike
[OK] /usr/local/games/oldtx/xd/gamelib/cmds/home_shop.pike
[OK] /usr/local/games/oldtx/xd/gamelib/cmds/home_shopItem_marked_price_detail.pike
[OK] /usr/local/games/oldtx/xd/gamelib/cmds/txadd.pike
[OK] /usr/local/games/oldtx/xd/gamelib/cmds/skill_eat_teyao.pike
[OK] /usr/local/games/oldtx/xd/gamelib/cmds/yushi_readme.pike
[OK] /usr/local/games/oldtx/xd/gamelib/cmds/vendue_getback_money.pike
[OK] /usr/local/games/oldtx/xd/gamelib/cmds/vip_service_app_confirm.pike
[OK] /usr/local/games/oldtx/xd/gamelib/cmds/user_package_replace_list.pike
[OK] /usr/local/games/oldtx/xd/gamelib/cmds/mailbox.pike
[OK] /usr/local/games/oldtx/xd/gamelib/cmds/fee_exchange_readme.pike
[OK] /usr/local/games/oldtx/xd/gamelib/cmds/yushi_buy_baoshi_confirm.pike
[OK] /usr/local/games/oldtx/xd/gamelib/cmds/home_add_tanwei.pike
[OK] /usr/local/games/oldtx/xd/gamelib/cmds/gift_take_confirm.pike
[OK] /usr/local/games/oldtx/xd/gamelib/cmds/my_toolbar.pike
[OK] /usr/local/games/oldtx/xd/gamelib/cmds/spy_start.pike
[OK] /usr/local/games/oldtx/xd/gamelib/cmds/convert_bx_open.pike
[OK] /usr/local/games/oldtx/xd/gamelib/cmds/auto_learn_submit.pike
[OK] /usr/local/games/oldtx/xd/gamelib/cmds/pic_switch_confirm.pike
[OK] /usr/local/games/oldtx/xd/gamelib/cmds/home_shop_recommend.pike
[OK] /usr/local/games/oldtx/xd/gamelib/cmds/yushi_buy_baoshi_detail.pike
[OK] /usr/local/games/oldtx/xd/gamelib/cmds/qqlist_delete_group_user.pike
[OK] /usr/local/games/oldtx/xd/gamelib/cmds/bz_get_info.pike
[OK] /usr/local/games/oldtx/xd/gamelib/cmds/qqlist_delete_other_user.pike
[OK] /usr/local/games/oldtx/xd/gamelib/cmds/yushi_exchange_list.pike
[OK] /usr/local/games/oldtx/xd/gamelib/cmds/repair_all.pike
[OK] /usr/local/games/oldtx/xd/gamelib/cmds/look_top.pike
[OK] /usr/local/games/oldtx/xd/gamelib/cmds/viceskill_learn.pike
[OK] /usr/local/games/oldtx/xd/gamelib/cmds/viceskill_peifang_buy.pike
[OK] /usr/local/games/oldtx/xd/gamelib/cmds/viceskill_eat_danyao.pike
[OK] /usr/local/games/oldtx/xd/gamelib/cmds/convert_equip_reset.pike
[OK] /usr/local/games/oldtx/xd/gamelib/cmds/wiz_update.pike
[OK] /usr/local/games/oldtx/xd/gamelib/cmds/bang_change_root.pike
[OK] /usr/local/games/oldtx/xd/gamelib/cmds/waihai_qge74hye.pike
[OK] /usr/local/games/oldtx/xd/gamelib/cmds/viceskill_ronglian_add.pike
[OK] /usr/local/games/oldtx/xd/gamelib/cmds/chatroom_list.pike
[OK] /usr/local/games/oldtx/xd/gamelib/cmds/viceskill_gather.pike
[OK] /usr/local/games/oldtx/xd/gamelib/cmds/vendue_getback_list.pike
[OK] /usr/local/games/oldtx/xd/gamelib/cmds/wiz_shout.pike
[OK] /usr/local/games/oldtx/xd/gamelib/cmds/paihang_view_player.pike
[OK] /usr/local/games/oldtx/xd/gamelib/cmds/qianyuanzhutong.pike
[OK] /usr/local/games/oldtx/xd/gamelib/cmds/home_purchase_home_list.pike
[OK] /usr/local/games/oldtx/xd/gamelib/cmds/viceskill_add_baoshi.pike
[OK] /usr/local/games/oldtx/xd/gamelib/cmds/mgr_set_name_cn.pike
[OK] /usr/local/games/oldtx/xd/gamelib/cmds/bang_hint.pike
[OK] /usr/local/games/oldtx/xd/gamelib/cmds/convert_equip_vip_off.pike
[OK] /usr/local/games/oldtx/xd/gamelib/cmds/equip_xiangqian_detail.pike
[OK] /usr/local/games/oldtx/xd/gamelib/cmds/myskills.pike
[OK] /usr/local/games/oldtx/xd/gamelib/cmds/sendother.pike
[OK] /usr/local/games/oldtx/xd/gamelib/cmds/home_paimaihang_entry.pike
[OK] /usr/local/games/oldtx/xd/gamelib/cmds/item_ungroup_confirm.pike
[OK] /usr/local/games/oldtx/xd/gamelib/cmds/viceskill_rongjie_list.pike
[OK] /usr/local/games/oldtx/xd/gamelib/cmds/qqlist_group_create.pike
[OK] /usr/local/games/oldtx/xd/gamelib/cmds/yushi_spec_sales.pike
[OK] /usr/local/games/oldtx/xd/gamelib/cmds/vip_service_app_list.pike
[OK] /usr/local/games/oldtx/xd/gamelib/cmds/home_knock_door_conferm.pike
[OK] /usr/local/games/oldtx/xd/gamelib/cmds/mzf_used.pike
[OK] /usr/local/games/oldtx/xd/gamelib/cmds/bandpsw_readme.pike
[OK] /usr/local/games/oldtx/xd/gamelib/cmds/shzzh_view_equiplist.pike
[OK] /usr/local/games/oldtx/xd/gamelib/cmds/bang_view_player.pike
[OK] /usr/local/games/oldtx/xd/gamelib/cmds/yushi_buy_teyao_list.pike
[OK] /usr/local/games/oldtx/xd/gamelib/cmds/tuiguang_get_yushi.pike
[OK] /usr/local/games/oldtx/xd/gamelib/cmds/viceskill_zhijia_confirm.pike
[OK] /usr/local/games/oldtx/xd/gamelib/cmds/view_equip.pike
[OK] /usr/local/games/oldtx/xd/gamelib/cmds/yushi_buy_bc_confirm.pike
[OK] /usr/local/games/oldtx/xd/gamelib/cmds/vendue_goods_info.pike
[OK] /usr/local/games/oldtx/xd/gamelib/cmds/equip_xiangqian_confirm.pike
[OK] /usr/local/games/oldtx/xd/gamelib/cmds/dubo_item_confirm.pike
[OK] /usr/local/games/oldtx/xd/gamelib/cmds/home_leave.pike
[OK] /usr/local/games/oldtx/xd/gamelib/cmds/term_leave.pike
[OK] /usr/local/games/oldtx/xd/gamelib/cmds/map_display.pike
[OK] /usr/local/games/oldtx/xd/gamelib/cmds/test_get_item.pike
[OK] /usr/local/games/oldtx/xd/gamelib/cmds/home_get_pass_time_item.pike
[OK] /usr/local/games/oldtx/xd/gamelib/cmds/qqlist_delete_user.pike
[OK] /usr/local/games/oldtx/xd/gamelib/cmds/spec_yujian_to.pike
[OK] /usr/local/games/oldtx/xd/gamelib/cmds/bang_search.pike
[OK] /usr/local/games/oldtx/xd/gamelib/cmds/vendue_buy_now.pike
[OK] /usr/local/games/oldtx/xd/gamelib/cmds/vip_myzone.pike
[OK] /usr/local/games/oldtx/xd/gamelib/cmds/bz_view_list.pike
[OK] /usr/local/games/oldtx/xd/gamelib/cmds/door_destroy_confirm.pike
[OK] /usr/local/games/oldtx/xd/gamelib/cmds/vendue_goods_list.pike
[OK] /usr/local/games/oldtx/xd/gamelib/cmds/trade_daoju.pike
[OK] /usr/local/games/oldtx/xd/gamelib/cmds/yblh_open.pike
[OK] /usr/local/games/oldtx/xd/gamelib/cmds/home_sell_confirm.pike
[OK] /usr/local/games/oldtx/xd/gamelib/cmds/bang_view_apply.pike
[OK] /usr/local/games/oldtx/xd/gamelib/cmds/home_query_area_desc.pike
[OK] /usr/local/games/oldtx/xd/gamelib/cmds/viceskill_liandan_confirm.pike
[OK] /usr/local/games/oldtx/xd/gamelib/cmds/yushi_buy_bc_detail.pike
[OK] /usr/local/games/oldtx/xd/gamelib/cmds/fb_entry.pike
[OK] /usr/local/games/oldtx/xd/gamelib/cmds/home_return.pike
[OK] /usr/local/games/oldtx/xd/gamelib/cmds/spy_mylist.pike
[OK] /usr/local/games/oldtx/xd/gamelib/cmds/yuebing_list.pike
[OK] /usr/local/games/oldtx/xd/gamelib/cmds/viceskill_add_moxian_zhijia.pike
[OK] /usr/local/games/oldtx/xd/gamelib/cmds/yushi_update_confirm.pike
[OK] /usr/local/games/oldtx/xd/gamelib/cmds/mail_send_confirm.pike
[OK] /usr/local/games/oldtx/xd/gamelib/cmds/postcity.pike
[OK] /usr/local/games/oldtx/xd/gamelib/cmds/log.pike
[OK] /usr/local/games/oldtx/xd/gamelib/cmds/yushi_buy_baoshi_list.pike
[OK] /usr/local/games/oldtx/xd/gamelib/cmds/yushi_update_detail.pike
[OK] /usr/local/games/oldtx/xd/gamelib/cmds/bz_update_toplist.pike
[OK] /usr/local/games/oldtx/xd/gamelib/cmds/home_buy_dog_conferm.pike
[OK] /usr/local/games/oldtx/xd/gamelib/cmds/chatroom_disblock2.pike
[OK] /usr/local/games/oldtx/xd/gamelib/cmds/home_life_detail.pike
[OK] /usr/local/games/oldtx/xd/gamelib/cmds/home_dog_feed.pike
[OK] /usr/local/games/oldtx/xd/gamelib/cmds/race_change_confirm.pike
[OK] /usr/local/games/oldtx/xd/gamelib/cmds/set_mid.pike
[OK] /usr/local/games/oldtx/xd/gamelib/cmds/spy_start_confirm.pike
[OK] /usr/local/games/oldtx/xd/gamelib/cmds/bang_change_notice.pike
[OK] /usr/local/games/oldtx/xd/gamelib/cmds/inventory_daoju_package.pike
[OK] /usr/local/games/oldtx/xd/gamelib/cmds/viceskill_peifang_view.pike
[OK] /usr/local/games/oldtx/xd/gamelib/cmds/msg_del.pike
[OK] /usr/local/games/oldtx/xd/gamelib/cmds/vip_myzone_free_list.pike
[OK] /usr/local/games/oldtx/xd/gamelib/cmds/present_equip_view.pike
[OK] /usr/local/games/oldtx/xd/gamelib/cmds/yushi_change.pike
[OK] /usr/local/games/oldtx/xd/gamelib/cmds/present_view.pike
[OK] /usr/local/games/oldtx/xd/gamelib/cmds/dhzz.pike
[OK] /usr/local/games/oldtx/xd/gamelib/cmds/viceskill_rongjie_confirm.pike
[OK] /usr/local/games/oldtx/xd/gamelib/cmds/relife.pike
[OK] /usr/local/games/oldtx/xd/gamelib/cmds/add_big_fee_des.pike
[OK] /usr/local/games/oldtx/xd/gamelib/cmds/wiz_force.pike
[OK] /usr/local/games/oldtx/xd/gamelib/cmds/game_detail.pike
[OK] /usr/local/games/oldtx/xd/gamelib/cmds/buy_items.pike
[OK] /usr/local/games/oldtx/xd/gamelib/cmds/fb_term_cangku.pike
[OK] /usr/local/games/oldtx/xd/gamelib/cmds/bang_apply_in.pike
[OK] /usr/local/games/oldtx/xd/gamelib/cmds/viceskill_test2.pike
[OK] /usr/local/games/oldtx/xd/gamelib/cmds/qqlist_group_insert.pike
[OK] /usr/local/games/oldtx/xd/gamelib/cmds/set_bandpsw_confirm.pike
[OK] /usr/local/games/oldtx/xd/gamelib/cmds/dubo_item_detail.pike
[OK] /usr/local/games/oldtx/xd/gamelib/cmds/paihang_update_account_toplist.pike
[OK] /usr/local/games/oldtx/xd/gamelib/cmds/home_life_get.pike
[OK] /usr/local/games/oldtx/xd/gamelib/cmds/vip_service_extend_detail.pike
[OK] /usr/local/games/oldtx/xd/gamelib/cmds/bz_view_banginfo.pike
[OK] /usr/local/games/oldtx/xd/gamelib/cmds/yushi_update.pike
[OK] /usr/local/games/oldtx/xd/gamelib/cmds/sendother_ok.pike
[OK] /usr/local/games/oldtx/xd/gamelib/cmds/pic_switch_list.pike
[OK] /usr/local/games/oldtx/xd/gamelib/cmds/follow_you.pike
[OK] /usr/local/games/oldtx/xd/gamelib/cmds/bang_change_level.pike
[OK] /usr/local/games/oldtx/xd/gamelib/cmds/yushi_degrade_confirm.pike
[OK] /usr/local/games/oldtx/xd/gamelib/cmds/repair.pike
[OK] /usr/local/games/oldtx/xd/gamelib/cmds/vip_service_upgrade_confirm.pike
[OK] /usr/local/games/oldtx/xd/gamelib/cmds/fee_exchange_fetch_confirm.pike
[OK] /usr/local/games/oldtx/xd/gamelib/cmds/viceskill_ronglian_item.pike
[OK] /usr/local/games/oldtx/xd/gamelib/cmds/mytools.pike
[OK] /usr/local/games/oldtx/xd/gamelib/cmds/hj_equip_exchange.pike
[OK] /usr/local/games/oldtx/xd/gamelib/cmds/vip_myzone_off_list.pike
[OK] /usr/local/games/oldtx/xd/gamelib/cmds/ljs_chongzhi_confirm.pike
[OK] /usr/local/games/oldtx/xd/gamelib/cmds/home_life_replace_submit.pike
[OK] /usr/local/games/oldtx/xd/gamelib/cmds/yushi_buy_hlbook_detail.pike
[OK] /usr/local/games/oldtx/xd/gamelib/cmds/tell.pike
[OK] /usr/local/games/oldtx/xd/gamelib/cmds/home_purchase_slot_list.pike
[OK] /usr/local/games/oldtx/xd/gamelib/cmds/bx_equip_exchange.pike
[OK] /usr/local/games/oldtx/xd/gamelib/cmds/home_sell_functionroom_confirm.pike
[OK] /usr/local/games/oldtx/xd/gamelib/cmds/myhp.pike
[OK] /usr/local/games/oldtx/xd/gamelib/cmds/qqlist_user.pike
[OK] /usr/local/games/oldtx/xd/gamelib/cmds/yushi_buy_shenfu_list.pike
[OK] /usr/local/games/oldtx/xd/gamelib/cmds/spec_xianxing.pike
[OK] /usr/local/games/oldtx/xd/gamelib/cmds/fee_exchange_fetch_list.pike
[OK] /usr/local/games/oldtx/xd/gamelib/cmds/fb_items_assign.pike
[OK] /usr/local/games/oldtx/xd/gamelib/cmds/vip_myzone_off_detail.pike
[OK] /usr/local/games/oldtx/xd/gamelib/cmds/dubo_items_list.pike
[OK] /usr/local/games/oldtx/xd/gamelib/cmds/viceskill_ronglian_spec.pike
[OK] /usr/local/games/oldtx/xd/gamelib/cmds/qqlist_admin_groups.pike
[OK] /usr/local/games/oldtx/xd/gamelib/cmds/ljs_used.pike
[OK] /usr/local/games/oldtx/xd/gamelib/cmds/tuiguang_yushi.pike
[OK] /usr/local/games/oldtx/xd/gamelib/cmds/bang_be_root.pike
[OK] /usr/local/games/oldtx/xd/gamelib/cmds/hyq_exchange.pike
[OK] /usr/local/games/oldtx/xd/gamelib/cmds/term_chat.pike
[OK] /usr/local/games/oldtx/xd/gamelib/cmds/add_sms_fee.pike
[OK] /usr/local/games/oldtx/xd/gamelib/cmds/bz_equip_exchange.pike
[OK] /usr/local/games/oldtx/xd/gamelib/cmds/userlist.pike
[OK] /usr/local/games/oldtx/xd/gamelib/cmds/msg_read.pike
[OK] /usr/local/games/oldtx/xd/gamelib/cmds/yushi_get_test.pike
[OK] /usr/local/games/oldtx/xd/gamelib/cmds/home_enter.pike
[OK] /usr/local/games/oldtx/xd/gamelib/cmds/diaocha_detail.pike
[OK] /usr/local/games/oldtx/xd/gamelib/cmds/home_functionroom_buy_list.pike
[OK] /usr/local/games/oldtx/xd/gamelib/cmds/convert_equip_confirm.pike
[OK] /usr/local/games/oldtx/xd/gamelib/cmds/huanjin_view_equiplist.pike
[OK] /usr/local/games/oldtx/xd/gamelib/cmds/trade.pike
[OK] /usr/local/games/oldtx/xd/gamelib/cmds/mgr_script.pike
[OK] /usr/local/games/oldtx/xd/gamelib/cmds/bandpsw_change.pike
[OK] /usr/local/games/oldtx/xd/gamelib/cmds/viceskill_duanzao_list.pike
[OK] /usr/local/games/oldtx/xd/gamelib/cmds/honer_buy.pike
[OK] /usr/local/games/oldtx/xd/gamelib/cmds/spec_learn.pike
[OK] /usr/local/games/oldtx/xd/gamelib/cmds/lottery_join_in.pike
[OK] /usr/local/games/oldtx/xd/gamelib/cmds/wiz_check_user.pike
[OK] /usr/local/games/oldtx/xd/gamelib/cmds/chatroom_disblock.pike
[OK] /usr/local/games/oldtx/xd/gamelib/cmds/gift_view_list.pike
[OK] /usr/local/games/oldtx/xd/gamelib/cmds/home_install_door.pike
[OK] /usr/local/games/oldtx/xd/gamelib/cmds/diaocha_list.pike
[OK] /usr/local/games/oldtx/xd/gamelib/cmds/door_destroy_detail.pike
[OK] /usr/local/games/oldtx/xd/gamelib/cmds/home_myzone.pike
[OK] /usr/local/games/oldtx/xd/gamelib/cmds/home_return_to_flat.pike
[OK] /usr/local/games/oldtx/xd/gamelib/cmds/user_package_buy_list.pike
[OK] /usr/local/games/oldtx/xd/gamelib/cmds/delete_all_mail.pike
[OK] /usr/local/games/oldtx/xd/gamelib/cmds/home_function_room_list.pike
[OK] /usr/local/games/oldtx/xd/gamelib/cmds/home_shopItem_cancel.pike
[OK] /usr/local/games/oldtx/xd/gamelib/cmds/city_qge74hye.pike
[OK] /usr/local/games/oldtx/xd/gamelib/cmds/transfer_list.pike
[OK] /usr/local/games/oldtx/xd/gamelib/single/daemons/kuangd.pike
[OK] /usr/local/games/oldtx/xd/gamelib/single/daemons/autolearnd.pike
[OK] /usr/local/games/oldtx/xd/gamelib/single/daemons/messaged.pike
[OK] /usr/local/games/oldtx/xd/gamelib/single/daemons/broadcastd.pike
[OK] /usr/local/games/oldtx/xd/gamelib/single/daemons/topten.pike
[OK] /usr/local/games/oldtx/xd/gamelib/single/daemons/homed.pike
[OK] /usr/local/games/oldtx/xd/gamelib/single/daemons/userd.pike
[OK] /usr/local/games/oldtx/xd/gamelib/single/daemons/yushid.pike
[OK] /usr/local/games/oldtx/xd/gamelib/single/daemons/giftd.pike
[OK] /usr/local/games/oldtx/xd/gamelib/single/daemons/namesd.pike
[OK] /usr/local/games/oldtx/xd/gamelib/single/daemons/fee_exchanged.pike
[OK] /usr/local/games/oldtx/xd/gamelib/single/daemons/itemsd_orginal_bak.pike
[OK] /usr/local/games/oldtx/xd/gamelib/single/daemons/items_exchanged.pike
[OK] /usr/local/games/oldtx/xd/gamelib/single/daemons/chatroom2d.pike
[OK] /usr/local/games/oldtx/xd/gamelib/single/daemons/itemsd.pike
[OK] /usr/local/games/oldtx/xd/gamelib/single/daemons/user_countd.pike
[OK] /usr/local/games/oldtx/xd/gamelib/single/daemons/timesd.pike
[OK] /usr/local/games/oldtx/xd/gamelib/single/daemons/cityd.pike
[OK] /usr/local/games/oldtx/xd/gamelib/single/daemons/vipd.pike
[OK] /usr/local/games/oldtx/xd/gamelib/single/daemons/taskd.pike
[OK] /usr/local/games/oldtx/xd/gamelib/single/daemons/dubod.pike
[OK] /usr/local/games/oldtx/xd/gamelib/single/daemons/auctiond.pike
[OK] /usr/local/games/oldtx/xd/gamelib/single/daemons/storyd.pike
[OK] /usr/local/games/oldtx/xd/gamelib/single/daemons/mapd.pike
[OK] /usr/local/games/oldtx/xd/gamelib/single/daemons/managed.pike
[OK] /usr/local/games/oldtx/xd/gamelib/single/daemons/room_flushd.pike
[OK] /usr/local/games/oldtx/xd/gamelib/single/daemons/diaochad.pike
[OK] /usr/local/games/oldtx/xd/gamelib/single/daemons/crond.pike
[OK] /usr/local/games/oldtx/xd/gamelib/single/daemons/buyd.pike
[OK] /usr/local/games/oldtx/xd/gamelib/single/daemons/paihangd.pike
[OK] /usr/local/games/oldtx/xd/gamelib/single/daemons/log.pike
[OK] /usr/local/games/oldtx/xd/gamelib/single/daemons/countd.pike
[OK] /usr/local/games/oldtx/xd/gamelib/single/daemons/termd.pike
[OK] /usr/local/games/oldtx/xd/gamelib/single/daemons/chatroomd.pike
[OK] /usr/local/games/oldtx/xd/gamelib/single/daemons/lotteryd.pike
[OK] /usr/local/games/oldtx/xd/gamelib/single/create_skill.pike
[OK] /usr/local/games/oldtx/xd/gamelib/single/skills/create_skill_new.pike
[OK] /usr/local/games/oldtx/xd/gamelib/single/skills/create_boss_skill.pike
[OK] /usr/local/games/oldtx/xd/gamelib/inherit/npc.pike
[OK] /usr/local/games/oldtx/xd/gamelib/inherit/packaged.pike
[OK] /usr/local/games/oldtx/xd/gamelib/clone/user.pike
[OK] /usr/local/games/oldtx/xd/gamelib/clone/item/home/grown/create_grown.pike
[OK] /usr/local/games/oldtx/xd/gamelib/clone/item/home/mature/create_mature_teyao.pike
[OK] /usr/local/games/oldtx/xd/gamelib/clone/item/home/infancy/create_infancy.pike
[OK] /usr/local/games/oldtx/xd/gamelib/clone/item/create_book.pike
[OK] /usr/local/games/oldtx/xd/gamelib/clone/item/create_can_buy_book.pike
[OK] /usr/local/games/oldtx/xd/gamelib/clone/item/peifang/pf_create.pike
[OK] /usr/local/games/oldtx/xd/gamelib/clone/item/create_task_item.pike
[OK] /usr/local/games/oldtx/xd/gamelib/clone/item/create_teyao.pike
[OK] /usr/local/games/oldtx/xd/gamelib/clone/item/create_spec_item.pike
[OK] /usr/local/games/oldtx/xd/gamelib/clone/item/create_gouliang.pike
[OK] /usr/local/games/oldtx/xd/gamelib/clone/item/liandan/liandan_creat.pike
[OK] /usr/local/games/oldtx/xd/gamelib/clone/item/material/create_material_item.pike
[OK] /usr/local/games/oldtx/xd/gamelib/clone/item/material/create_material_source_item.pike
[OK] /usr/local/games/oldtx/xd/gamelib/clone/npc/create_npc.pike
[OK] /usr/local/games/oldtx/xd/gamelib/clone/npc/create_boss.pike
[OK] /usr/local/games/oldtx/xd/gamelib/clone/npc/create_city_npc.pike
[OK] /usr/local/games/oldtx/xd/gamelib/d/create_city.pike
[OK] /usr/local/games/oldtx/xd/gamelib/d/home/xdY/create_home_room.pike
[OK] /usr/local/games/oldtx/xd/gamelib/d/home/xdX/create_home_room.pike
[OK] /usr/local/games/oldtx/xd/gamelib/d/home/xd1/create_home_room.pike
[OK] /usr/local/games/oldtx/xd/gamelib/d/home/xd/create_home_room.pike
[OK] /usr/local/games/oldtx/xd/gamelib/d/home/xd9/create_home_room.pike
[OK] /usr/local/games/oldtx/xd/gamelib/d/create_room.pike
[OK] /usr/local/games/oldtx/xd/gamelib/d/create_fb.pike
[OK] /usr/local/games/oldtx/xd/not_in_svn/globals.h
[OK] /usr/local/games/oldtx/xd/lowlib/lowlib.h
[OK] /usr/local/games/oldtx/xd/lowlib/system/include/globals.h
[OK] /usr/local/games/oldtx/xd/lowlib/system/include/command.h
[OK] /usr/local/games/oldtx/xd/.include/wapmud2.h
[OK] /usr/local/games/oldtx/xd/.include/mudlib.h
[OK] /usr/local/games/oldtx/xd/.include/gamelib.h
[OK] /usr/local/games/oldtx/xd/.include/sys_config.h
[OK] /usr/local/games/oldtx/xd/gamelib/include/time.h
[OK] /usr/local/games/oldtx/xd/frontjsp/xd/includes/pike.inc
[OK] /usr/local/games/oldtx/xd/frontjsp/xd/includes/base64.inc
[OK] /usr/local/games/oldtx/xd/frontjsp/xd/includes/common.inc
[OK] /usr/local/games/oldtx/xd/frontjsp/xd/includes/tail.inc
[OK] /usr/local/games/oldtx/xd/includes/pike.inc
[OK] /usr/local/games/oldtx/xd/includes/base64.inc
[OK] /usr/local/games/oldtx/xd/LICENSE.zh.md
[OK] /usr/local/games/oldtx/xd/lowlib/system/filter/readme.txt
[OK] /usr/local/games/oldtx/xd/README
[FAIL] /usr/local/games/oldtx/xd/gamelib/home.txt
[OK] /usr/local/games/oldtx/xd/gamelib/data/uniq_user/xd.20240111.txt
[OK] /usr/local/games/oldtx/xd/gamelib/data/uniq_user/xd.20240105.txt
[OK] /usr/local/games/oldtx/xd/gamelib/data/uniq_user/xd.20240313.txt
[OK] /usr/local/games/oldtx/xd/gamelib/data/uniq_user/xd.20240307.txt
[OK] /usr/local/games/oldtx/xd/gamelib/data/uniq_user/xd.20240306.txt
[OK] /usr/local/games/oldtx/xd/gamelib/data/uniq_user/xd.20240312.txt
[OK] /usr/local/games/oldtx/xd/gamelib/data/uniq_user/xd.20240104.txt
[OK] /usr/local/games/oldtx/xd/gamelib/data/uniq_user/xd.20240110.txt
[OK] /usr/local/games/oldtx/xd/gamelib/data/uniq_user/xd.20240106.txt
[OK] /usr/local/games/oldtx/xd/gamelib/data/uniq_user/xd.20240112.txt
[OK] /usr/local/games/oldtx/xd/gamelib/data/uniq_user/xd.20240304.txt
[OK] /usr/local/games/oldtx/xd/gamelib/data/uniq_user/xd.20240310.txt
[OK] /usr/local/games/oldtx/xd/gamelib/data/uniq_user/xd.20240311.txt
[OK] /usr/local/games/oldtx/xd/gamelib/data/uniq_user/xd.20240305.txt
[OK] /usr/local/games/oldtx/xd/gamelib/data/uniq_user/xd.20240113.txt
[OK] /usr/local/games/oldtx/xd/gamelib/data/uniq_user/xd.20240107.txt
[OK] /usr/local/games/oldtx/xd/gamelib/data/uniq_user/xd.20240103.txt
[OK] /usr/local/games/oldtx/xd/gamelib/data/uniq_user/xd.20240117.txt
[OK] /usr/local/games/oldtx/xd/gamelib/data/uniq_user/xd.20240301.txt
[OK] /usr/local/games/oldtx/xd/gamelib/data/uniq_user/xd.20240315.txt
[OK] /usr/local/games/oldtx/xd/gamelib/data/uniq_user/xd.20240314.txt
[OK] /usr/local/games/oldtx/xd/gamelib/data/uniq_user/xd.20240116.txt
[OK] /usr/local/games/oldtx/xd/gamelib/data/uniq_user/xd.20240102.txt
[OK] /usr/local/games/oldtx/xd/gamelib/data/uniq_user/xd.20240128.txt
[OK] /usr/local/games/oldtx/xd/gamelib/data/uniq_user/xd.20240114.txt
[OK] /usr/local/games/oldtx/xd/gamelib/data/uniq_user/xd.20240316.txt
[OK] /usr/local/games/oldtx/xd/gamelib/data/uniq_user/xd.20240302.txt
[OK] /usr/local/games/oldtx/xd/gamelib/data/uniq_user/xd.20240303.txt
[OK] /usr/local/games/oldtx/xd/gamelib/data/uniq_user/xd.20240317.txt
[OK] /usr/local/games/oldtx/xd/gamelib/data/uniq_user/xd.20240101.txt
[OK] /usr/local/games/oldtx/xd/gamelib/data/uniq_user/xd.20240115.txt
[OK] /usr/local/games/oldtx/xd/gamelib/data/uniq_user/xd.20240129.txt
[OK] /usr/local/games/oldtx/xd/gamelib/data/uniq_user/xd.20240204.txt
[OK] /usr/local/games/oldtx/xd/gamelib/data/uniq_user/xd.20240210.txt
[OK] /usr/local/games/oldtx/xd/gamelib/data/uniq_user/xd.20231210.txt
[OK] /usr/local/games/oldtx/xd/gamelib/data/uniq_user/xd.20231205.txt
[OK] /usr/local/games/oldtx/xd/gamelib/data/uniq_user/xd.20231211.txt
[OK] /usr/local/games/oldtx/xd/gamelib/data/uniq_user/xd.20240211.txt
[OK] /usr/local/games/oldtx/xd/gamelib/data/uniq_user/xd.20240205.txt
[OK] /usr/local/games/oldtx/xd/gamelib/data/uniq_user/xd.20240213.txt
[OK] /usr/local/games/oldtx/xd/gamelib/data/uniq_user/xd.20240207.txt
[OK] /usr/local/games/oldtx/xd/gamelib/data/uniq_user/xd.20231207.txt
[OK] /usr/local/games/oldtx/xd/gamelib/data/uniq_user/xd.20231213.txt
[OK] /usr/local/games/oldtx/xd/gamelib/data/uniq_user/xd.20231212.txt
[OK] /usr/local/games/oldtx/xd/gamelib/data/uniq_user/xd.20231206.txt
[OK] /usr/local/games/oldtx/xd/gamelib/data/uniq_user/xd.20240206.txt
[OK] /usr/local/games/oldtx/xd/gamelib/data/uniq_user/xd.20240212.txt
[OK] /usr/local/games/oldtx/xd/gamelib/data/uniq_user/xd.20240216.txt
[OK] /usr/local/games/oldtx/xd/gamelib/data/uniq_user/xd.20240202.txt
[OK] /usr/local/games/oldtx/xd/gamelib/data/uniq_user/xd.20231216.txt
[OK] /usr/local/games/oldtx/xd/gamelib/data/uniq_user/xd.20231217.txt
[OK] /usr/local/games/oldtx/xd/gamelib/data/uniq_user/xd.20240203.txt
[OK] /usr/local/games/oldtx/xd/gamelib/data/uniq_user/xd.20240217.txt
[OK] /usr/local/games/oldtx/xd/gamelib/data/uniq_user/xd.20240229.txt
[OK] /usr/local/games/oldtx/xd/gamelib/data/uniq_user/xd.20240201.txt
[OK] /usr/local/games/oldtx/xd/gamelib/data/uniq_user/xd.20240215.txt
[OK] /usr/local/games/oldtx/xd/gamelib/data/uniq_user/xd.20231215.txt
[OK] /usr/local/games/oldtx/xd/gamelib/data/uniq_user/xd.20231229.txt
[OK] /usr/local/games/oldtx/xd/gamelib/data/uniq_user/xd.20231228.txt
[OK] /usr/local/games/oldtx/xd/gamelib/data/uniq_user/xd.20231214.txt
[OK] /usr/local/games/oldtx/xd/gamelib/data/uniq_user/xd.20240214.txt
[OK] /usr/local/games/oldtx/xd/gamelib/data/uniq_user/xd.20240228.txt
[OK] /usr/local/games/oldtx/xd/gamelib/data/uniq_user/xd.20240225.txt
[OK] /usr/local/games/oldtx/xd/gamelib/data/uniq_user/xd.20240219.txt
[OK] /usr/local/games/oldtx/xd/gamelib/data/uniq_user/xd.20231219.txt
[OK] /usr/local/games/oldtx/xd/gamelib/data/uniq_user/xd.20231231.txt
[OK] /usr/local/games/oldtx/xd/gamelib/data/uniq_user/xd.20231225.txt
[OK] /usr/local/games/oldtx/xd/gamelib/data/uniq_user/xd.20231224.txt
[OK] /usr/local/games/oldtx/xd/gamelib/data/uniq_user/xd.20231230.txt
[OK] /usr/local/games/oldtx/xd/gamelib/data/uniq_user/xd.20231218.txt
[OK] /usr/local/games/oldtx/xd/gamelib/data/uniq_user/xd.20240218.txt
[OK] /usr/local/games/oldtx/xd/gamelib/data/uniq_user/xd.20240224.txt
[OK] /usr/local/games/oldtx/xd/gamelib/data/uniq_user/xd.20240226.txt
[OK] /usr/local/games/oldtx/xd/gamelib/data/uniq_user/xd.20231226.txt
[OK] /usr/local/games/oldtx/xd/gamelib/data/uniq_user/xd.20231227.txt
[OK] /usr/local/games/oldtx/xd/gamelib/data/uniq_user/xd.20240227.txt
[OK] /usr/local/games/oldtx/xd/gamelib/data/uniq_user/xd.20240223.txt
[OK] /usr/local/games/oldtx/xd/gamelib/data/uniq_user/xd.20231223.txt
[OK] /usr/local/games/oldtx/xd/gamelib/data/uniq_user/xd.20231222.txt
[OK] /usr/local/games/oldtx/xd/gamelib/data/uniq_user/xd.20240222.txt
[OK] /usr/local/games/oldtx/xd/gamelib/data/uniq_user/xd.20240208.txt
[OK] /usr/local/games/oldtx/xd/gamelib/data/uniq_user/xd.20240220.txt
[OK] /usr/local/games/oldtx/xd/gamelib/data/uniq_user/xd.20231220.txt
[OK] /usr/local/games/oldtx/xd/gamelib/data/uniq_user/xd.20231208.txt
[OK] /usr/local/games/oldtx/xd/gamelib/data/uniq_user/xd.20231209.txt
[OK] /usr/local/games/oldtx/xd/gamelib/data/uniq_user/xd.20231221.txt
[OK] /usr/local/games/oldtx/xd/gamelib/data/uniq_user/xd.20240221.txt
[OK] /usr/local/games/oldtx/xd/gamelib/data/uniq_user/xd.20240209.txt
[OK] /usr/local/games/oldtx/xd/gamelib/data/uniq_user/xd.20240130.txt
[OK] /usr/local/games/oldtx/xd/gamelib/data/uniq_user/xd.20240124.txt
[OK] /usr/local/games/oldtx/xd/gamelib/data/uniq_user/xd.20240118.txt
[OK] /usr/local/games/oldtx/xd/gamelib/data/uniq_user/xd.20240119.txt
[OK] /usr/local/games/oldtx/xd/gamelib/data/uniq_user/xd.20240125.txt
[OK] /usr/local/games/oldtx/xd/gamelib/data/uniq_user/xd.20240131.txt
[OK] /usr/local/games/oldtx/xd/gamelib/data/uniq_user/xd.20240127.txt
[OK] /usr/local/games/oldtx/xd/gamelib/data/uniq_user/xd.20240319.txt
[OK] /usr/local/games/oldtx/xd/gamelib/data/uniq_user/xd.20240318.txt
[OK] /usr/local/games/oldtx/xd/gamelib/data/uniq_user/xd.20240126.txt
[OK] /usr/local/games/oldtx/xd/gamelib/data/uniq_user/xd.20240122.txt
[OK] /usr/local/games/oldtx/xd/gamelib/data/uniq_user/xd.20240308.txt
[OK] /usr/local/games/oldtx/xd/gamelib/data/uniq_user/xd.20240309.txt
[OK] /usr/local/games/oldtx/xd/gamelib/data/uniq_user/xd.20240123.txt
[OK] /usr/local/games/oldtx/xd/gamelib/data/uniq_user/xd.20240109.txt
[OK] /usr/local/games/oldtx/xd/gamelib/data/uniq_user/xd.20240121.txt
[OK] /usr/local/games/oldtx/xd/gamelib/data/uniq_user/xd.20240120.txt
[OK] /usr/local/games/oldtx/xd/gamelib/data/uniq_user/xd.20240108.txt
=== Conversion Summary ===
Total processed: 0
Success: 0
Failed: 0
Skipped: 0
Finished: Fri Feb  6 06:10:38 EST 2026
